09-06 18:51:04.758 21312 21312 D BufferQueueConsumer: [ImageReader-720x144f1u2816m2-21312-5](id:534000000006,api:0,p:-1,c:21312) disconnect
09-06 18:51:04.759 21312 21493 W ContextImpl: Failed to ensure /dev/null/Android/data/com.wstxda.viper4android/files: java.lang.SecurityException: Invalid mkdirs path: /dev/null/Android/data/com.wstxda.viper4android/files is not a known app path.
09-06 18:51:04.760 21312 21312 D BufferQueueConsumer: [](id:534000000007,api:0,p:-1,c:21312) connect: controlledByApp=true
09-06 18:51:04.760 21312 21493 E a.viper4android: No implementation found for byte[] com.wstxda.viper4android.utils.JniUtils$Companion.readImpulseResponse(byte[]) (tried Java_com_wstxda_viper4android_utils_JniUtils_00024Companion_readImpulseResponse and Java_com_wstxda_viper4android_utils_JniUtils_00024Companion_readImpulseResponse___3B) - is the library loaded, e.g. System.loadLibrary?
09-06 18:51:04.763 21312 21493 W ContextImpl: Failed to ensure /dev/null/Android/data/com.wstxda.viper4android/files: java.lang.SecurityException: Invalid mkdirs path: /dev/null/Android/data/com.wstxda.viper4android/files is not a known app path.
09-06 18:51:04.764 21312 21487 E FrameEvents: updateAcquireFence: Did not find frame.
09-06 18:51:04.766 21312 21312 D BufferQueueConsumer: [ImageReader-720x144f1u2816m2-21312-6](id:534000000007,api:0,p:-1,c:21312) disconnect
09-06 18:51:04.768 21312 21312 D BufferQueueConsumer: [](id:534000000008,api:0,p:-1,c:21312) connect: controlledByApp=true
09-06 18:51:04.775 21312 21487 E FrameEvents: updateAcquireFence: Did not find frame.
09-06 18:51:04.778 21312 21312 D BufferQueueConsumer: [ImageReader-652x144f1u2816m2-21312-7](id:534000000008,api:0,p:-1,c:21312) disconnect
09-06 18:51:04.780 21312 21312 D BufferQueueConsumer: [](id:534000000009,api:0,p:-1,c:21312) connect: controlledByApp=true
09-06 18:51:04.786 21312 21487 E FrameEvents: updateAcquireFence: Did not find frame.
09-06 18:51:04.787 21312 21312 D BufferQueueConsumer: [ImageReader-720x144f1u2816m2-21312-8](id:534000000009,api:0,p:-1,c:21312) disconnect
09-06 18:51:04.820 21312 21343 D CompatibilityChangeReporter: Compat change id reported: 194532703; UID 10246; state: ENABLED
09-06 18:51:04.833 21312 21357 V FA      : Connecting to remote service
09-06 18:51:04.836 21312 21810 I TRuntime.CctTransportBackend: Making request to: https://crashlyticsreports-pa.googleapis.com/v1/firelog/legacy/batchlog
09-06 18:51:04.844 21312 21357 V FA      : Recording user engagement, ms: 17230
09-06 18:51:04.847 21312 21357 D FA      : Connected to remote service
09-06 18:51:04.848 21312 21357 V FA      : Processing queued up service tasks: 1
09-06 18:51:06.765 21312 21810 I TRuntime.CctTransportBackend: Status Code: 200
--------- beginning of crash
09-06 18:51:06.780 21312 21493 E AndroidRuntime: FATAL EXCEPTION: DefaultDispatcher-worker-1
09-06 18:51:06.780 21312 21493 E AndroidRuntime: Process: com.wstxda.viper4android, PID: 21312
09-06 18:51:06.780 21312 21493 E AndroidRuntime: java.lang.IndexOutOfBoundsException
09-06 18:51:06.780 21312 21493 E AndroidRuntime:        at java.io.BufferedInputStream.read(BufferedInputStream.java:331)
09-06 18:51:06.780 21312 21493 E AndroidRuntime:        at x1.a.b(Unknown Source:268)
09-06 18:51:06.780 21312 21493 E AndroidRuntime:        at com.wstxda.viper4android.utils.JniUtils$Companion.b(Unknown Source:63)
09-06 18:51:06.780 21312 21493 E AndroidRuntime:        at o1.t.g(Unknown Source:1710)
09-06 18:51:06.780 21312 21493 E AndroidRuntime:        at o1.t.i(Unknown Source:19)
09-06 18:51:06.780 21312 21493 E AndroidRuntime:        at o1.s.m(Unknown Source:105)
09-06 18:51:06.780 21312 21493 E AndroidRuntime:        at o5.a.i(Unknown Source:8)
09-06 18:51:06.780 21312 21493 E AndroidRuntime:        at d6.c0.run(Unknown Source:96)
09-06 18:51:06.780 21312 21493 E AndroidRuntime:        at k.j.run(Unknown Source:16)
09-06 18:51:06.780 21312 21493 E AndroidRuntime:        at k6.i.run(Unknown Source:2)
09-06 18:51:06.780 21312 21493 E AndroidRuntime:        at k6.a.run(Unknown Source:91)
09-06 18:51:06.780 21312 21493 E AndroidRuntime:        Suppressed: i6.g: [h1{Cancelling}@4311326, Dispatchers.IO]
09-06 18:51:06.780 21312 21493 I ExceptionHandle: at java.io.BufferedInputStream.read(BufferedInputStream.java:331)
09-06 18:51:06.781 21312 21493 I ExceptionHandle: at x1.a.b(Unknown Source:268)
09-06 18:51:06.781 21312 21493 I ExceptionHandle: at com.wstxda.viper4android.utils.JniUtils$Companion.b(Unknown Source:63)
09-06 18:51:06.781 21312 21493 I ExceptionHandle: at o1.t.g(Unknown Source:1710)
09-06 18:51:06.781 21312 21493 I ExceptionHandle: at o1.t.i(Unknown Source:19)
09-06 18:51:06.781 21312 21493 I ExceptionHandle: at o1.s.m(Unknown Source:105)
09-06 18:51:06.781 21312 21493 I ExceptionHandle: at o5.a.i(Unknown Source:8)
09-06 18:51:06.781 21312 21493 I ExceptionHandle: at d6.c0.run(Unknown Source:96)
09-06 18:51:06.781 21312 21493 I ExceptionHandle: at k.j.run(Unknown Source:16)
09-06 18:51:06.781 21312 21493 I ExceptionHandle: at k6.i.run(Unknown Source:2)
09-06 18:51:06.781 21312 21493 I ExceptionHandle: at k6.a.run(Unknown Source:91)
09-06 18:51:06.844 21312 21357 V FA      : Recording user engagement, ms: 2025
09-06 18:51:06.860 21312 21357 V FA      : Activity paused, time: 462110
09-06 18:51:06.972 21312 21324 W System  : A resource failed to call close.
09-06 18:51:06.972 21312 21324 W System  : A resource failed to call close.
09-06 18:51:07.003 21312 21312 D BLASTBufferQueue: [VRI[MainActivity]#0](f:0,a:2) destructor()
09-06 18:51:07.003 21312 21312 D BufferQueueConsumer: [VRI[MainActivity]#0(BLAST Consumer)0](id:534000000000,api:0,p:-1,c:21312) disconnect
09-06 18:51:07.011 21312 21312 D ActivityThread: mToDestroying.remove:ActivityRecord{ac86399 token=android.os.BinderProxy@780e5a2 {com.wstxda.viper4android/com.wstxda.viper4android.MainActivity}}
09-06 18:51:07.016 21312 21312 D View    : [Warning] assignParent to null: this = DecorView@e8eeff8[MainActivity]
09-06 18:51:07.038 21312 21312 D InputTransport: Destroy ARC handle: 0xb40000755ed3de70
09-06 18:51:08.863 21312 21357 D FA      : Application going to the background
09-06 18:51:08.864 21312 21357 I FA      : Application backgrounded at: timestamp_millis: 1757159466860
